#-----------------------------------------------------------
# Vivado v2017.3 (64-bit)
# SW Build 2018833 on Wed Oct  4 19:58:22 MDT 2017
# IP Build 2016188 on Wed Oct  4 21:52:56 MDT 2017
# Start of session at: Sat Nov 11 02:56:08 2017
# Process ID: 402220
# Current directory: C:/Users/lixin/Desktop/MipsSingleCycleCPU
# Command line: vivado.exe -gui_launcher_event rodinguilauncherevent399544 C:\Users\lixin\Desktop\MipsSingleCycleCPU\WithoutBlockDesign102022.xpr
# Log file: C:/Users/lixin/Desktop/MipsSingleCycleCPU/vivado.log
# Journal file: C:/Users/lixin/Desktop/MipsSingleCycleCPU\vivado.jou
#-----------------------------------------------------------
start_gui
open_project C:/Users/lixin/Desktop/MipsSingleCycleCPU/WithoutBlockDesign102022.xpr
update_compile_order -fileset sources_1
synth_design -rtl -name rtl_1
refresh_design
update_compile_order -fileset sources_1
update_compile_order -fileset sources_1
update_compile_order -fileset sources_1
update_compile_order -fileset sources_1
update_compile_order -fileset sources_1
update_compile_order -fileset sources_1
update_compile_order -fileset sources_1
update_compile_order -fileset sources_1
