#-----------------------------------------------------------
# Vivado v2017.3 (64-bit)
# SW Build 2018833 on Wed Oct  4 19:58:22 MDT 2017
# IP Build 2016188 on Wed Oct  4 21:52:56 MDT 2017
# Start of session at: Sat Dec  9 19:56:30 2017
# Process ID: 12256
# Current directory: C:/Users/lixin/Desktop/MipsSingleCycleCPU_evil
# Command line: vivado.exe -gui_launcher_event rodinguilauncherevent11728 C:\Users\lixin\Desktop\MipsSingleCycleCPU_evil\WithoutBlockDesign102022.xpr
# Log file: C:/Users/lixin/Desktop/MipsSingleCycleCPU_evil/vivado.log
# Journal file: C:/Users/lixin/Desktop/MipsSingleCycleCPU_evil\vivado.jou
#-----------------------------------------------------------
start_gui
open_project C:/Users/lixin/Desktop/MipsSingleCycleCPU_evil/WithoutBlockDesign102022.xpr
update_compile_order -fileset sources_1
close [ open C:/Users/lixin/Desktop/MipsSingleCycleCPU_evil/WithoutBlockDesign102022.srcs/sources_1/new/define.v w ]
add_files C:/Users/lixin/Desktop/MipsSingleCycleCPU_evil/WithoutBlockDesign102022.srcs/sources_1/new/define.v
update_compile_order -fileset sources_1
update_compile_order -fileset sources_1
update_compile_order -fileset sources_1
close [ open C:/Users/lixin/Desktop/MipsSingleCycleCPU_evil/WithoutBlockDesign102022.srcs/sources_1/new/MUX1in4_32.v w ]
add_files C:/Users/lixin/Desktop/MipsSingleCycleCPU_evil/WithoutBlockDesign102022.srcs/sources_1/new/MUX1in4_32.v
update_compile_order -fileset sources_1
update_compile_order -fileset sources_1
launch_simulation
launch_simulation
launch_simulation
synth_design -rtl -name rtl_1
launch_simulation
synth_design -rtl -name rtl_1
launch_simulation
open_wave_config C:/Users/lixin/Desktop/MipsSingleCycleCPU_evil/test_behav2.wcfg
source test.tcl
save_wave_config {C:/Users/lixin/Desktop/MipsSingleCycleCPU_evil/test_behav2.wcfg}
close_sim
launch_simulation
open_wave_config C:/Users/lixin/Desktop/MipsSingleCycleCPU_evil/test_behav2.wcfg
source test.tcl
save_wave_config {C:/Users/lixin/Desktop/MipsSingleCycleCPU_evil/test_behav2.wcfg}
close_sim
launch_simulation
open_wave_config C:/Users/lixin/Desktop/MipsSingleCycleCPU_evil/test_behav2.wcfg
source test.tcl
run 20 ns
run 20 ns
run 200 ns
save_wave_config {C:/Users/lixin/Desktop/MipsSingleCycleCPU_evil/test_behav2.wcfg}
close_sim
launch_simulation
open_wave_config C:/Users/lixin/Desktop/MipsSingleCycleCPU_evil/test_behav2.wcfg
source test.tcl
close_sim
launch_simulation
open_wave_config C:/Users/lixin/Desktop/MipsSingleCycleCPU_evil/test_behav2.wcfg
source test.tcl
run 200 ns
run 200 ns
run 200 ns
run 200 ns
run 200 ns
relaunch_sim
save_wave_config {C:/Users/lixin/Desktop/MipsSingleCycleCPU_evil/test_behav2.wcfg}
close_sim
launch_simulation
open_wave_config C:/Users/lixin/Desktop/MipsSingleCycleCPU_evil/test_behav2.wcfg
source test.tcl
relaunch_sim
run 200 ns
run 200 ns
close_sim
launch_simulation
open_wave_config C:/Users/lixin/Desktop/MipsSingleCycleCPU_evil/test_behav2.wcfg
source test.tcl
refresh_design
close_sim
launch_simulation
open_wave_config C:/Users/lixin/Desktop/MipsSingleCycleCPU_evil/test_behav2.wcfg
source test.tcl
close_sim
launch_simulation
open_wave_config C:/Users/lixin/Desktop/MipsSingleCycleCPU_evil/test_behav2.wcfg
source test.tcl
close_sim
launch_simulation
launch_simulation
open_wave_config C:/Users/lixin/Desktop/MipsSingleCycleCPU_evil/test_behav2.wcfg
source test.tcl
run all
close_sim
launch_simulation
open_wave_config C:/Users/lixin/Desktop/MipsSingleCycleCPU_evil/test_behav2.wcfg
source test.tcl
save_wave_config {C:/Users/lixin/Desktop/MipsSingleCycleCPU_evil/test_behav2.wcfg}
close_sim
launch_simulation
open_wave_config C:/Users/lixin/Desktop/MipsSingleCycleCPU_evil/test_behav2.wcfg
source test.tcl
close_sim
launch_simulation
open_wave_config C:/Users/lixin/Desktop/MipsSingleCycleCPU_evil/test_behav2.wcfg
source test.tcl
close_sim
launch_simulation
open_wave_config C:/Users/lixin/Desktop/MipsSingleCycleCPU_evil/test_behav2.wcfg
source test.tcl
close_sim
launch_simulation
open_wave_config C:/Users/lixin/Desktop/MipsSingleCycleCPU_evil/test_behav2.wcfg
source test.tcl
run 1 ns
relaunch_sim
run 1 ps
run 1 ps
run 1 ps
relaunch_sim
run 1 ps
close_sim
launch_simulation
open_wave_config C:/Users/lixin/Desktop/MipsSingleCycleCPU_evil/test_behav2.wcfg
source test.tcl
