Copyright 1986-2017 Xilinx, Inc. All Rights Reserved.
------------------------------------------------------------------------------------
| Tool Version : Vivado v.2017.3 (win64) Build 2018833 Wed Oct  4 19:58:22 MDT 2017
| Date         : Sat Dec 16 15:11:47 2017
| Host         : DESKTOP-5Q0ADMK running 64-bit major release  (build 9200)
| Command      : report_control_sets -file UserInterface_control_sets_placed.rpt
| Design       : UserInterface
| Device       : xc7a35t
------------------------------------------------------------------------------------

Control Set Information

Table of Contents
-----------------
1. Summary
2. Flip-Flop Distribution

1. Summary
----------

+-------------------------------+-------+
|             Status            | Count |
+-------------------------------+-------+
| Number of unique control sets |  3212 |
+-------------------------------+-------+


2. Flip-Flop Distribution
-------------------------

+--------------+-----------------------+------------------------+-----------------+--------------+
| Clock Enable | Synchronous Set/Reset | Asynchronous Set/Reset | Total Registers | Total Slices |
+--------------+-----------------------+------------------------+-----------------+--------------+
| No           | No                    | No                     |             208 |           87 |
| No           | No                    | Yes                    |            1027 |         1025 |
| No           | Yes                   | No                     |            1063 |         1034 |
| Yes          | No                    | No                     |            1024 |          707 |
| Yes          | No                    | Yes                    |            1063 |         1044 |
| Yes          | Yes                   | No                     |               0 |            0 |
+--------------+-----------------------+------------------------+-----------------+--------------+


